[pyc] semantic regressions v4.0 run-id=newcircuit-integrated-20260928
jit-cache: miss
/home/lys/acs/pyCircuit/.pycircuit_out/semantic_v40/xz_value_model_smoke/cpp_build/src/CMakeLists.txt
-- The CXX compiler identification is GNU 13.1.0
-- Detecting CXX compiler ABI info
-- Detecting CXX compiler ABI info - done
-- Check for working CXX compiler: /usr/bin/c++ - skipped
-- Detecting CXX compile features
-- Detecting CXX compile features - done
-- Configuring done (0.5s)
-- Generating done (0.0s)
-- Build files have been written to: /home/lys/acs/pyCircuit/.pycircuit_out/semantic_v40/xz_value_model_smoke/cpp_build/build
[1/3] Building CXX object CMakeFiles/pyc_tb.dir/home/lys/acs/pyCircuit/.pycircuit_out/semantic_v40/xz_value_model_smoke/device/cpp/xz_value_model_smoke/xz_value_model_smoke.cpp.o
[2/3] Building CXX object CMakeFiles/pyc_tb.dir/home/lys/acs/pyCircuit/.pycircuit_out/semantic_v40/xz_value_model_smoke/tb/tb_xz_value_model_smoke.cpp.o
[3/3] Linking CXX executable pyc_tb
OK
- /home/lys/acs/pyCircuit/.pycircuit_out/semantic_v40/xz_value_model_smoke/tb/tb_xz_value_model_smoke.sv:87: Verilog $finish
- S i m u l a t i o n   R e p o r t: Verilator 5.048 2026-04-26
- Verilator: $finish at 10ns; walltime 0.000 s; speed 28.536 us/s
- Verilator: cpu 0.000 s on 1 threads; allocated 7 MB
/home/lys/acs/pyCircuit/.pycircuit_out/semantic_v40/xz_value_model_smoke/project_manifest.json
OK
jit-cache: miss
/home/lys/acs/pyCircuit/.pycircuit_out/semantic_v40/reset_invalidate_order_smoke/cpp_build/src/CMakeLists.txt
-- The CXX compiler identification is GNU 13.1.0
-- Detecting CXX compiler ABI info
-- Detecting CXX compiler ABI info - done
-- Check for working CXX compiler: /usr/bin/c++ - skipped
-- Detecting CXX compile features
-- Detecting CXX compile features - done
-- Configuring done (0.5s)
-- Generating done (0.0s)
-- Build files have been written to: /home/lys/acs/pyCircuit/.pycircuit_out/semantic_v40/reset_invalidate_order_smoke/cpp_build/build
[1/3] Building CXX object CMakeFiles/pyc_tb.dir/home/lys/acs/pyCircuit/.pycircuit_out/semantic_v40/reset_invalidate_order_smoke/device/cpp/reset_invalidate_order_smoke/reset_invalidate_order_smoke.cpp.o
[2/3] Building CXX object CMakeFiles/pyc_tb.dir/home/lys/acs/pyCircuit/.pycircuit_out/semantic_v40/reset_invalidate_order_smoke/tb/tb_reset_invalidate_order_smoke.cpp.o
[3/3] Linking CXX executable pyc_tb
OK
- /home/lys/acs/pyCircuit/.pycircuit_out/semantic_v40/reset_invalidate_order_smoke/tb/tb_reset_invalidate_order_smoke.sv:87: Verilog $finish
- S i m u l a t i o n   R e p o r t: Verilator 5.048 2026-04-26
- Verilator: $finish at 10ns; walltime 0.000 s; speed 21.058 us/s
- Verilator: cpu 0.000 s on 1 threads; allocated 7 MB
/home/lys/acs/pyCircuit/.pycircuit_out/semantic_v40/reset_invalidate_order_smoke/project_manifest.json
OK
jit-cache: miss
/home/lys/acs/pyCircuit/.pycircuit_out/semantic_v40/net_resolution_depth_smoke/cpp_build/src/CMakeLists.txt
-- The CXX compiler identification is GNU 13.1.0
-- Detecting CXX compiler ABI info
-- Detecting CXX compiler ABI info - done
-- Check for working CXX compiler: /usr/bin/c++ - skipped
-- Detecting CXX compile features
-- Detecting CXX compile features - done
-- Configuring done (0.4s)
-- Generating done (0.0s)
-- Build files have been written to: /home/lys/acs/pyCircuit/.pycircuit_out/semantic_v40/net_resolution_depth_smoke/cpp_build/build
[1/3] Building CXX object CMakeFiles/pyc_tb.dir/home/lys/acs/pyCircuit/.pycircuit_out/semantic_v40/net_resolution_depth_smoke/device/cpp/net_resolution_depth_smoke/net_resolution_depth_smoke.cpp.o
[2/3] Building CXX object CMakeFiles/pyc_tb.dir/home/lys/acs/pyCircuit/.pycircuit_out/semantic_v40/net_resolution_depth_smoke/tb/tb_net_resolution_depth_smoke.cpp.o
[3/3] Linking CXX executable pyc_tb
OK
- /home/lys/acs/pyCircuit/.pycircuit_out/semantic_v40/net_resolution_depth_smoke/tb/tb_net_resolution_depth_smoke.sv:81: Verilog $finish
- S i m u l a t i o n   R e p o r t: Verilator 5.048 2026-04-26
- Verilator: $finish at 10ns; walltime 0.000 s; speed 73.119 us/s
- Verilator: cpu 0.000 s on 1 threads; allocated 7 MB
/home/lys/acs/pyCircuit/.pycircuit_out/semantic_v40/net_resolution_depth_smoke/project_manifest.json
OK
ok: reset/invalidate ordering
[pyc] semantic regressions passed
